#! /c/Source/iverilog-install/bin/vvp
:ivl_version "14.0 (devel)";
:ivl_delay_selection "TYPICAL";
:vpi_time_precision - 12;
:vpi_module "C:\iverilog\lib\ivl\system.vpi";
:vpi_module "C:\iverilog\lib\ivl\vhdl_sys.vpi";
:vpi_module "C:\iverilog\lib\ivl\vhdl_textio.vpi";
:vpi_module "C:\iverilog\lib\ivl\v2005_math.vpi";
:vpi_module "C:\iverilog\lib\ivl\va_math.vpi";
:vpi_module "C:\iverilog\lib\ivl\v2009.vpi";
S_000002549FD994C0 .scope package, "$unit" "$unit" 2 1;
 .timescale 0 0;
S_000002549FD99650 .scope module, "sync_debounce" "sync_debounce" 3 3;
 .timescale -9 -12;
    .port_info 0 /INPUT 1 "clk";
    .port_info 1 /INPUT 1 "rst_n";
    .port_info 2 /INPUT 1 "async_in";
    .port_info 3 /OUTPUT 1 "level";
    .port_info 4 /OUTPUT 1 "rise";
    .port_info 5 /OUTPUT 1 "fall";
P_000002549FD982D0 .param/l "CW" 1 3 19, +C4<00000000000000000000000000010000>;
P_000002549FD98308 .param/l "DEBOUNCE_CYCLES" 0 3 4, +C4<00000000000000001100001101010000>;
L_000002549FDB09E0 .functor AND 1, v000002549FDA8690_0, L_000002549FDF7BB0, C4<1>, C4<1>;
L_000002549FDB0660 .functor AND 1, L_000002549FDF7B10, v000002549FDA8730_0, C4<1>, C4<1>;
v000002549FD97190_0 .net *"_ivl_3", 0 0, L_000002549FDF7BB0;  1 drivers
v000002549FD96E90_0 .net *"_ivl_7", 0 0, L_000002549FDF7B10;  1 drivers
o000002549FDB1FF8 .functor BUFZ 1, c4<z>; HiZ drive
v000002549FD95370_0 .net "async_in", 0 0, o000002549FDB1FF8;  0 drivers
o000002549FDB2028 .functor BUFZ 1, c4<z>; HiZ drive
v000002549FDA84B0_0 .net "clk", 0 0, o000002549FDB2028;  0 drivers
v000002549FDA8550_0 .var "count", 15 0;
v000002549FDA85F0_0 .net "fall", 0 0, L_000002549FDB0660;  1 drivers
v000002549FDA8690_0 .var "level", 0 0;
v000002549FDA8730_0 .var "level_q", 0 0;
v000002549FDA87D0_0 .net "rise", 0 0, L_000002549FDB09E0;  1 drivers
o000002549FDB2148 .functor BUFZ 1, c4<z>; HiZ drive
v000002549FDA8870_0 .net "rst_n", 0 0, o000002549FDB2148;  0 drivers
v000002549FDA8910_0 .var "sync_ff", 1 0;
v000002549FDF7250_0 .net "sync_in", 0 0, L_000002549FDF7ED0;  1 drivers
E_000002549FD978D0 .event posedge, v000002549FDA84B0_0;
L_000002549FDF7ED0 .part v000002549FDA8910_0, 1, 1;
L_000002549FDF7BB0 .reduce/nor v000002549FDA8730_0;
L_000002549FDF7B10 .reduce/nor v000002549FDA8690_0;
    .scope S_000002549FD99650;
T_0 ;
    %wait E_000002549FD978D0;
    %load/vec4 v000002549FDA8870_0;
    %nor/r;
    %flag_set/vec4 8;
    %jmp/0xz  T_0.0, 8;
    %pushi/vec4 0, 0, 2;
    %assign/vec4 v000002549FDA8910_0, 0;
    %jmp T_0.1;
T_0.0 ;
    %load/vec4 v000002549FDA8910_0;
    %parti/s 1, 0, 2;
    %load/vec4 v000002549FD95370_0;
    %concat/vec4; draw_concat_vec4
    %assign/vec4 v000002549FDA8910_0, 0;
T_0.1 ;
    %jmp T_0;
    .thread T_0;
    .scope S_000002549FD99650;
T_1 ;
    %wait E_000002549FD978D0;
    %load/vec4 v000002549FDA8870_0;
    %nor/r;
    %flag_set/vec4 8;
    %jmp/0xz  T_1.0, 8;
    %pushi/vec4 0, 0, 1;
    %assign/vec4 v000002549FDA8690_0, 0;
    %pushi/vec4 0, 0, 16;
    %assign/vec4 v000002549FDA8550_0, 0;
    %jmp T_1.1;
T_1.0 ;
    %load/vec4 v000002549FDF7250_0;
    %load/vec4 v000002549FDA8690_0;
    %cmp/e;
    %jmp/0xz  T_1.2, 4;
    %pushi/vec4 0, 0, 16;
    %assign/vec4 v000002549FDA8550_0, 0;
    %jmp T_1.3;
T_1.2 ;
    %load/vec4 v000002549FDA8550_0;
    %pad/u 32;
    %cmpi/e 49999, 0, 32;
    %jmp/0xz  T_1.4, 4;
    %pushi/vec4 0, 0, 16;
    %assign/vec4 v000002549FDA8550_0, 0;
    %load/vec4 v000002549FDF7250_0;
    %assign/vec4 v000002549FDA8690_0, 0;
    %jmp T_1.5;
T_1.4 ;
    %load/vec4 v000002549FDA8550_0;
    %addi 1, 0, 16;
    %assign/vec4 v000002549FDA8550_0, 0;
T_1.5 ;
T_1.3 ;
T_1.1 ;
    %jmp T_1;
    .thread T_1;
    .scope S_000002549FD99650;
T_2 ;
    %wait E_000002549FD978D0;
    %load/vec4 v000002549FDA8870_0;
    %nor/r;
    %flag_set/vec4 8;
    %jmp/0xz  T_2.0, 8;
    %pushi/vec4 0, 0, 1;
    %assign/vec4 v000002549FDA8730_0, 0;
    %jmp T_2.1;
T_2.0 ;
    %load/vec4 v000002549FDA8690_0;
    %assign/vec4 v000002549FDA8730_0, 0;
T_2.1 ;
    %jmp T_2;
    .thread T_2;
# The file index is used to find the file name in the following table.
:file_names 4;
    "N/A";
    "<interactive>";
    "-";
    ".\sync_debounce.sv";
